// Jest Snapshot v1, https://goo.gl/fbAQLP

exports[`Box __snapshot__ 1`] = `
<div
  class="c-lesPJm"
/>
`;
